{
    "report": [
        {
            "room": "101",
            "values": [
                {
                    "date": "2018-01-01"
                },
                {
                    "date": "2018-01-02"
                },
                {
                    "date": "2018-01-03"
                },
                {
                    "date": "2018-01-04"
                },
                {
                    "date": "2018-01-05"
                },
                {
                    "date": "2018-02-01"
                },
                {
                    "date": "2018-02-02"
                },
                {
                    "date": "2018-02-03"
                },
                {
                    "date": "2018-02-04"
                },
                {
                    "date": "2018-02-05"
                }
            ]
        },
        {
            "room": "102",
            "values": [
                {
                    "date": "2018-03-01"
                },
                {
                    "date": "2018-03-02"
                },
                {
                    "date": "2018-03-03"
                },
                {
                    "date": "2018-03-04"
                },
                {
                    "date": "2018-03-05"
                },
                {
                    "date": "2018-04-01"
                },
                {
                    "date": "2018-04-02"
                },
                {
                    "date": "2018-04-03"
                },
                {
                    "date": "2018-04-04"
                },
                {
                    "date": "2018-04-05"
                }
            ]
        }
    ]
}