{
    "name": "Sauce Labs Retreat",
    "map": {
        "latitude": 37.7871917,
        "longitude": -122.4005403
    },
    "logoUrl": "https://automationintesting.com/images/supporters/saucelabs/020101_LOGO_Sauce-Labs_Vert_Red-Grey_RGB.png",
    "description": "Welcome to the Sauce Labs Retreat, the perfect space for continuous testing. Founded in 2008 and set in the glorious cross browser foothills of Foxfire and Pareo in the beautiful cloud, here you can take part in a wide range of activities including acting lessons for devices, painting for visual comparison and language lessons for Selenium, Appium, Espresso and more. So join us for your continuous testing solutions, stay for the hot sauce.",
    "contact": {
        "name": "Sauce Labs - USA (HQ)",
        "address": "116 New Montgomery St, 3rd Floor San Francisco, CA 94105 USA",
        "phone": "012345678901",
        "email": "https://saucelabs.com/sales"
    }
}
