{
    "messageid": 2,
    "name": "Mark",
    "email": "test@email.com",
    "phone": "01234556789",
    "subject": "Subject line",
    "description": "Description details here"
}
