{
    "messageid": 1,
    "name": "Oren Rubin",
    "email": "oren@testimfake.com",
    "phone": "01402 619211",
    "subject": "More details on TestIM",
    "description": "I'd like to know more about the awesome tool TestIM"
}
