Room{roomid=1, roomNumber=101, type='Twin', beds=2, accessible=false, details='Wifi, TV, Mini-bar', bookings=[Booking{bookingid=1, roomid=1, firstname='James', lastname='Dean', depositpaid=true, bookingDates=BookingDates{checkin=2018-02-26, checkout=2018-02-26}}, Booking{bookingid=2, roomid=1, firstname='Mark', lastname='Winteringham', depositpaid=false, bookingDates=BookingDates{checkin=2018-10-29, checkout=2018-10-29}}]}
